diver Winnie Achebe (11 seats) at blue-mantis America/New_York
profile.csv 1 rows 4165aed88f14c829 [id,full_name,email,phone,date_of_birth,dive_insurance,emergency_contact_name,emergency_contact_phone,courtesy_email_opt_out_at,no_certification_declared_at,no_certification_cleared_at,adult_attested_at,deleted_at,created_at]
certifications.csv 1 rows 305e00f5b87a5c6b [id,agency,level,identifier,declared_identifier,status,review_note,reviewed_at,reviewed_by_name,agency_checked_at,imported_at,imported_from_label,self_declared_at,deleted_at,created_at]
specialty_certifications.csv 0 rows 9856a0fdbbc6cba2 [id,agency,specialty,identifier,status,review_note,reviewed_at,reviewed_by_name,deleted_at,created_at]
nitrox_certifications.csv 0 rows b3721d2bbf818f39 [id,agency,identifier,status,review_note,reviewed_at,reviewed_by_name,imported_at,imported_from_label,self_declared_at,deleted_at,created_at]
bookings.csv 11 rows 16b1a0c6258ac1b1 [id,trip_title,trip_starts_at,status,participant_type,booked_as,wants_nitrox,conditions_briefed_at,dive_intent,re_entry_ask,last_dived_band,claimed_at,payment_status,payment_amount_cents,payment_currency,payment_provider,created_at]
waitlist_entries.csv 0 rows 6e297bd17e6e30e0 [id,trip_title,trip_starts_at,invited_at,created_at]
trip_invitations.csv 0 rows fc5e6cd463c87a0d [id,trip_title,trip_starts_at,source,invited_at,created_at]
last_minute_list.csv 0 rows 0fca6ddf2c681695 [id,available_from,available_until,unsubscribed_at,created_at]
trip_last_minute_promo_recipients.csv 0 rows 75b541858852a52a [id,trip_promo_id,email,created_at]
booking_payment_events.csv 0 rows 6d43ece815bf0079 [id,booking_id,status,previous_status,amount_cents,currency,provider,operation,occurred_at]
booking_checkout_bookings.csv 0 rows 13db5939365ed456 [checkout_id,booking_id,trip_cents,gear_cents]
booking_arrival_events.csv 0 rows 03332e65d815c9fa [id,trip_title,trip_starts_at,booking_id,status,source,recorded_by_name,occurred_at]
roll_call_events.csv 30 rows 11332c070e65beb7 [id,trip_title,trip_starts_at,booking_id,status,checkpoint,recorded_by_name,occurred_at]
buddy_pairs.csv 0 rows 595857045593fa9b [pair_id,trip_title,trip_starts_at,member_kind,paired_by_name,created_at]
waiver_templates.csv 1 rows 80415d41ebd9748c [id,title,version,body]
waiver_records.csv 10 rows e946850adbc5dabe [id,booking_id,template_title,template_version,status,signed_name,signature_method,recorded_by_name,started_at,consented_at,signed_at,completed_at,medical_review_required,medical_cleared_at,medical_cleared_by_name,medical_clearance_declined_at,medical_clearance_declined_by_name,medical_clearance_evaluated_on,medical_clearance_physician_name,guardian_name,guardian_relationship,guardian_email,guardian_signature_method,guardian_consented_at,guardian_signed_at,superseded_at,expires_at,created_at]
rental_fit.csv 0 rows f406683497490f31 [rents_bcd,rents_regulator,rents_wetsuit,rents_mask_fins,rents_weights,rents_dive_computer,rents_gopro,rents_drysuit,rents_hood,rents_gloves,rents_torch,rents_smb,bcd_size,wetsuit_size,drysuit_size,hood_size,glove_size,boot_size,fin_size,weight_preference,dives_dry,updated_at]
gear_reservations.csv 0 rows 2b52aa062fe37fa6 [id,gear_item_label,booking_id,person_id,reserved_from,reserved_until,checked_out_at,returned_at,created_at]
customer_gear_items.csv 0 rows 9d524a2142815247 [id,kind,brand_model,serial_number,note,service_due_on,inspection_due_on,hydro_due_on,deleted_at,created_at]
work_orders.csv 0 rows 51461631d80112c6 [id,number,status,reported_problem,promised_on,work_performed,outcome,received_at,ready_at,picked_up_at,deleted_at]
work_order_lines.csv 0 rows a13a275f4e907a4f [id,work_order_id,kind,description,quantity_hundredths,unit_amount_cents,deleted_at,created_at]
work_order_care.csv 0 rows c4327c2d0bf32e6b [id,work_order_id,customer_gear_item_id,kind,passed,performed_on,next_due_on]
prior_visits.csv 0 rows cfd8ce7dcd229190 [id,visited_on,title,status_label,amount_label,source_label,imported_at]
imported_payment_history.csv 0 rows 973ea0018349fa2b [id,occurred_on,direction,title,status_label,amount_label,amount_cents,currency,imported_at]
notification_deliveries.csv 0 rows 88e8dc01a56522ec [id,booking_id,kind,status,provider_status,attempted_at]
orders.csv 9 rows c28329cc1e8c529f [id,booking_id,created_by_name,status,currency,total_cents,amount_paid_cents,refunded_cents,paid_at,refunded_at,created_at]
order_line_items.csv 9 rows 7ee0c36b8fe3bc13 [order_id,kind,quantity,unit_amount_cents,created_at]
tips.csv 10 rows 33fc8dbb24234969 [id,booking_id,status,currency,amount_cents,completed_at,created_at]
recap_photos.csv 0 rows 0dab878bf057a08a [id,booking_id,image_url,caption,created_at]
trip_reviews.csv 3 rows 36d1290412da6b74 [id,booking_id,rating,comment,is_published,published_at,created_at]
review_moderation_events.csv 0 rows 84abde207d2b9b99 [id,review_id,action,reason,reason_note,recorded_by_name,occurred_at]
dive_package_entitlements.csv 0 rows 02916f39b0f0e4bc [id,package_name,booking_id,consumed_at,expires_at,created_at]
course_inquiries.csv 0 rows 40282ad88a347225 [id,course_title,interest,experience_level,timing,message,created_at]
photos: 0 e3b0c44298fc1c14

diver Camila Rojas (10 seats) at blue-mantis America/New_York
profile.csv 1 rows 23461bcdd7f728a8 [id,full_name,email,phone,date_of_birth,dive_insurance,emergency_contact_name,emergency_contact_phone,courtesy_email_opt_out_at,no_certification_declared_at,no_certification_cleared_at,adult_attested_at,deleted_at,created_at]
certifications.csv 1 rows 332d259f4f5a9332 [id,agency,level,identifier,declared_identifier,status,review_note,reviewed_at,reviewed_by_name,agency_checked_at,imported_at,imported_from_label,self_declared_at,deleted_at,created_at]
specialty_certifications.csv 0 rows 9856a0fdbbc6cba2 [id,agency,specialty,identifier,status,review_note,reviewed_at,reviewed_by_name,deleted_at,created_at]
nitrox_certifications.csv 0 rows b3721d2bbf818f39 [id,agency,identifier,status,review_note,reviewed_at,reviewed_by_name,imported_at,imported_from_label,self_declared_at,deleted_at,created_at]
bookings.csv 10 rows 766b4fc2c3aa5f0e [id,trip_title,trip_starts_at,status,participant_type,booked_as,wants_nitrox,conditions_briefed_at,dive_intent,re_entry_ask,last_dived_band,claimed_at,payment_status,payment_amount_cents,payment_currency,payment_provider,created_at]
waitlist_entries.csv 0 rows 6e297bd17e6e30e0 [id,trip_title,trip_starts_at,invited_at,created_at]
trip_invitations.csv 0 rows fc5e6cd463c87a0d [id,trip_title,trip_starts_at,source,invited_at,created_at]
last_minute_list.csv 0 rows 0fca6ddf2c681695 [id,available_from,available_until,unsubscribed_at,created_at]
trip_last_minute_promo_recipients.csv 0 rows 75b541858852a52a [id,trip_promo_id,email,created_at]
booking_payment_events.csv 0 rows 6d43ece815bf0079 [id,booking_id,status,previous_status,amount_cents,currency,provider,operation,occurred_at]
booking_checkout_bookings.csv 0 rows 13db5939365ed456 [checkout_id,booking_id,trip_cents,gear_cents]
booking_arrival_events.csv 0 rows 03332e65d815c9fa [id,trip_title,trip_starts_at,booking_id,status,source,recorded_by_name,occurred_at]
roll_call_events.csv 30 rows f68e10c28bc26c1b [id,trip_title,trip_starts_at,booking_id,status,checkpoint,recorded_by_name,occurred_at]
buddy_pairs.csv 0 rows 595857045593fa9b [pair_id,trip_title,trip_starts_at,member_kind,paired_by_name,created_at]
waiver_templates.csv 1 rows 80415d41ebd9748c [id,title,version,body]
waiver_records.csv 10 rows e946850adbc5dabe [id,booking_id,template_title,template_version,status,signed_name,signature_method,recorded_by_name,started_at,consented_at,signed_at,completed_at,medical_review_required,medical_cleared_at,medical_cleared_by_name,medical_clearance_declined_at,medical_clearance_declined_by_name,medical_clearance_evaluated_on,medical_clearance_physician_name,guardian_name,guardian_relationship,guardian_email,guardian_signature_method,guardian_consented_at,guardian_signed_at,superseded_at,expires_at,created_at]
rental_fit.csv 0 rows f406683497490f31 [rents_bcd,rents_regulator,rents_wetsuit,rents_mask_fins,rents_weights,rents_dive_computer,rents_gopro,rents_drysuit,rents_hood,rents_gloves,rents_torch,rents_smb,bcd_size,wetsuit_size,drysuit_size,hood_size,glove_size,boot_size,fin_size,weight_preference,dives_dry,updated_at]
gear_reservations.csv 0 rows 2b52aa062fe37fa6 [id,gear_item_label,booking_id,person_id,reserved_from,reserved_until,checked_out_at,returned_at,created_at]
customer_gear_items.csv 0 rows 9d524a2142815247 [id,kind,brand_model,serial_number,note,service_due_on,inspection_due_on,hydro_due_on,deleted_at,created_at]
work_orders.csv 0 rows 51461631d80112c6 [id,number,status,reported_problem,promised_on,work_performed,outcome,received_at,ready_at,picked_up_at,deleted_at]
work_order_lines.csv 0 rows a13a275f4e907a4f [id,work_order_id,kind,description,quantity_hundredths,unit_amount_cents,deleted_at,created_at]
work_order_care.csv 0 rows c4327c2d0bf32e6b [id,work_order_id,customer_gear_item_id,kind,passed,performed_on,next_due_on]
prior_visits.csv 0 rows cfd8ce7dcd229190 [id,visited_on,title,status_label,amount_label,source_label,imported_at]
imported_payment_history.csv 0 rows 973ea0018349fa2b [id,occurred_on,direction,title,status_label,amount_label,amount_cents,currency,imported_at]
notification_deliveries.csv 0 rows 88e8dc01a56522ec [id,booking_id,kind,status,provider_status,attempted_at]
orders.csv 9 rows 20774fa7c683381e [id,booking_id,created_by_name,status,currency,total_cents,amount_paid_cents,refunded_cents,paid_at,refunded_at,created_at]
order_line_items.csv 9 rows 456cea4239639198 [order_id,kind,quantity,unit_amount_cents,created_at]
tips.csv 10 rows f9a7dab4303ea51c [id,booking_id,status,currency,amount_cents,completed_at,created_at]
recap_photos.csv 0 rows 0dab878bf057a08a [id,booking_id,image_url,caption,created_at]
trip_reviews.csv 0 rows 2c3eb123f522ad4a [id,booking_id,rating,comment,is_published,published_at,created_at]
review_moderation_events.csv 0 rows 84abde207d2b9b99 [id,review_id,action,reason,reason_note,recorded_by_name,occurred_at]
dive_package_entitlements.csv 0 rows 02916f39b0f0e4bc [id,package_name,booking_id,consumed_at,expires_at,created_at]
course_inquiries.csv 0 rows 40282ad88a347225 [id,course_title,interest,experience_level,timing,message,created_at]
photos: 0 e3b0c44298fc1c14

diver Cosima Weber (10 seats) at blue-mantis America/New_York
profile.csv 1 rows 21d51cd7fe347c02 [id,full_name,email,phone,date_of_birth,dive_insurance,emergency_contact_name,emergency_contact_phone,courtesy_email_opt_out_at,no_certification_declared_at,no_certification_cleared_at,adult_attested_at,deleted_at,created_at]
certifications.csv 1 rows 3c4d4fd42d292a9f [id,agency,level,identifier,declared_identifier,status,review_note,reviewed_at,reviewed_by_name,agency_checked_at,imported_at,imported_from_label,self_declared_at,deleted_at,created_at]
specialty_certifications.csv 0 rows 9856a0fdbbc6cba2 [id,agency,specialty,identifier,status,review_note,reviewed_at,reviewed_by_name,deleted_at,created_at]
nitrox_certifications.csv 0 rows b3721d2bbf818f39 [id,agency,identifier,status,review_note,reviewed_at,reviewed_by_name,imported_at,imported_from_label,self_declared_at,deleted_at,created_at]
bookings.csv 10 rows 1e8928cd0ae504c4 [id,trip_title,trip_starts_at,status,participant_type,booked_as,wants_nitrox,conditions_briefed_at,dive_intent,re_entry_ask,last_dived_band,claimed_at,payment_status,payment_amount_cents,payment_currency,payment_provider,created_at]
waitlist_entries.csv 0 rows 6e297bd17e6e30e0 [id,trip_title,trip_starts_at,invited_at,created_at]
trip_invitations.csv 0 rows fc5e6cd463c87a0d [id,trip_title,trip_starts_at,source,invited_at,created_at]
last_minute_list.csv 0 rows 0fca6ddf2c681695 [id,available_from,available_until,unsubscribed_at,created_at]
trip_last_minute_promo_recipients.csv 0 rows 75b541858852a52a [id,trip_promo_id,email,created_at]
booking_payment_events.csv 0 rows 6d43ece815bf0079 [id,booking_id,status,previous_status,amount_cents,currency,provider,operation,occurred_at]
booking_checkout_bookings.csv 0 rows 13db5939365ed456 [checkout_id,booking_id,trip_cents,gear_cents]
booking_arrival_events.csv 0 rows 03332e65d815c9fa [id,trip_title,trip_starts_at,booking_id,status,source,recorded_by_name,occurred_at]
roll_call_events.csv 27 rows 77b64c88ee78d83f [id,trip_title,trip_starts_at,booking_id,status,checkpoint,recorded_by_name,occurred_at]
buddy_pairs.csv 0 rows 595857045593fa9b [pair_id,trip_title,trip_starts_at,member_kind,paired_by_name,created_at]
waiver_templates.csv 1 rows 80415d41ebd9748c [id,title,version,body]
waiver_records.csv 9 rows 95b2fc1c719e3246 [id,booking_id,template_title,template_version,status,signed_name,signature_method,recorded_by_name,started_at,consented_at,signed_at,completed_at,medical_review_required,medical_cleared_at,medical_cleared_by_name,medical_clearance_declined_at,medical_clearance_declined_by_name,medical_clearance_evaluated_on,medical_clearance_physician_name,guardian_name,guardian_relationship,guardian_email,guardian_signature_method,guardian_consented_at,guardian_signed_at,superseded_at,expires_at,created_at]
rental_fit.csv 0 rows f406683497490f31 [rents_bcd,rents_regulator,rents_wetsuit,rents_mask_fins,rents_weights,rents_dive_computer,rents_gopro,rents_drysuit,rents_hood,rents_gloves,rents_torch,rents_smb,bcd_size,wetsuit_size,drysuit_size,hood_size,glove_size,boot_size,fin_size,weight_preference,dives_dry,updated_at]
gear_reservations.csv 0 rows 2b52aa062fe37fa6 [id,gear_item_label,booking_id,person_id,reserved_from,reserved_until,checked_out_at,returned_at,created_at]
customer_gear_items.csv 0 rows 9d524a2142815247 [id,kind,brand_model,serial_number,note,service_due_on,inspection_due_on,hydro_due_on,deleted_at,created_at]
work_orders.csv 0 rows 51461631d80112c6 [id,number,status,reported_problem,promised_on,work_performed,outcome,received_at,ready_at,picked_up_at,deleted_at]
work_order_lines.csv 0 rows a13a275f4e907a4f [id,work_order_id,kind,description,quantity_hundredths,unit_amount_cents,deleted_at,created_at]
work_order_care.csv 0 rows c4327c2d0bf32e6b [id,work_order_id,customer_gear_item_id,kind,passed,performed_on,next_due_on]
prior_visits.csv 0 rows cfd8ce7dcd229190 [id,visited_on,title,status_label,amount_label,source_label,imported_at]
imported_payment_history.csv 0 rows 973ea0018349fa2b [id,occurred_on,direction,title,status_label,amount_label,amount_cents,currency,imported_at]
notification_deliveries.csv 0 rows 88e8dc01a56522ec [id,booking_id,kind,status,provider_status,attempted_at]
orders.csv 7 rows 6a3d69a9a805076d [id,booking_id,created_by_name,status,currency,total_cents,amount_paid_cents,refunded_cents,paid_at,refunded_at,created_at]
order_line_items.csv 7 rows dd9d0aaa86b6f97b [order_id,kind,quantity,unit_amount_cents,created_at]
tips.csv 9 rows 3fc5395c0d0165ba [id,booking_id,status,currency,amount_cents,completed_at,created_at]
recap_photos.csv 0 rows 0dab878bf057a08a [id,booking_id,image_url,caption,created_at]
trip_reviews.csv 2 rows 31498d9ce63f2893 [id,booking_id,rating,comment,is_published,published_at,created_at]
review_moderation_events.csv 0 rows 84abde207d2b9b99 [id,review_id,action,reason,reason_note,recorded_by_name,occurred_at]
dive_package_entitlements.csv 0 rows 02916f39b0f0e4bc [id,package_name,booking_id,consumed_at,expires_at,created_at]
course_inquiries.csv 0 rows 40282ad88a347225 [id,course_title,interest,experience_level,timing,message,created_at]
photos: 0 e3b0c44298fc1c14
