shop Blue Mantis Divers (blue-mantis) America/New_York
shop.csv 1 rows e949e8c800292589 [name,slug,timezone,default_locale,currency,tax_enabled,pass_through_fee,medical_jurisdiction,depth_unit,temperature_unit,has_boat_diving,has_shore_diving,has_pool_diving,divers_per_divemaster,crew_schedule_enabled,reviews_enabled,date_requests_enabled,last_minute_list_enabled,tips_enabled,contact_email,contact_phone,address_street,address_locality,address_region,address_postal_code,address_country,dock_call_minutes,gear_setup_minutes,briefing_minutes,boat_ride_minutes,bottom_time_minutes,surface_interval_minutes,review_url,packing_list,rental_items,rental_pricing,emergency_reference,season_start_month,season_start_day,search_listing_opt_out_at,tagline,description,logo_url,brand_color,brand_display_font,brand_hero_image_url,brand_hero_image_alt,shopfront_photo_urls,established_year,brand_badges,created_at]
boats.csv 2 rows 5675fafb6948beb4 [id,name,capacity,description,created_at]
trip_lenses.csv 6 rows f657fcc06ad2a491 [id,name,slug,created_at,deleted_at]
contacts.csv 148 rows 5134975c06b87d73 [first_name,last_name,full_name,email,phone,roles,date_of_birth,emergency_contact_name,emergency_contact_phone,certification_agency,certification_level,certification_number,certification_status,no_certification_declared_at,nitrox_certified,bcd_size,wetsuit_size,boot_size,fin_size,waiver_accepted,waiver_signed_at,waiver_source_name,deleted_at,created_at]
people.csv 148 rows 123a863bd2b87ab3 [id,full_name,email,phone,roles,date_of_birth,dive_insurance,emergency_contact_name,emergency_contact_phone,spoken_languages,crew_public_consent_at,crew_public_name,courtesy_email_opt_out_at,no_certification_declared_at,no_certification_cleared_at,no_certification_cleared_by_person_id,adult_attested_at,adult_attested_by_person_id,self_registered_at,deleted_at,anonymized_at,anonymized_by_person_id,merged_into_person_id,merged_at,merged_by_person_id,created_at]
certifications.csv 128 rows 58d14b277c65f042 [id,person_id,person_name,agency,level,identifier,declared_identifier,status,review_note,reviewed_at,reviewed_by_person_id,imported_at,imported_from_label,self_declared_at,issued_by_shop_at,issued_from_trip_id,issued_by_person_id,deleted_at,deleted_by_person_id,created_at]
specialty_certifications.csv 14 rows da190c5bd4a6b2a4 [id,person_id,person_name,agency,specialty,identifier,status,review_note,reviewed_at,reviewed_by_person_id,deleted_at,deleted_by_person_id,created_at]
nitrox_certifications.csv 9 rows 003ea20a7618a070 [id,person_id,person_name,agency,identifier,status,review_note,reviewed_at,reviewed_by_person_id,imported_at,imported_from_label,self_declared_at,deleted_at,deleted_by_person_id,created_at]
trips.csv 95 rows bc59fb7f93bb3c2b [id,title,status,cancelled_at,starts_at,ends_at,capacity,planned_dives,price_cents,deposit_cents,snorkeler_price_cents,rider_price_cents,diver_capacity,cancellation_window_hours,minimum_bookings,minimum_decision_hours,series_id,series_occurrence_date,course_id,dive_site_id,dive_site_name,dive_mode,boat_id,boat_name,lens_id,conditions_hold,conditions_summary,water_temperature_c,visibility_meters,surface_conditions,conditions_updated_at,description,meeting_point_label,meeting_point_address,arrival_landmark,arrival_parking_note,arrival_transit_note,arrival_look_for,arrival_first_interaction,arrival_photo_url,is_private,self_guided,deleted_at,created_at]
trip_change_events.csv 0 rows 47fdc4844c32d069 [id,trip_id,trip_title,trip_starts_at,kind,source,before_value,after_value,actor_person_id,actor_name,occurred_at,seq]
trip_stage_events.csv 1 rows 9a53602cc80be7df [id,trip_id,trip_title,trip_starts_at,stage,dive_site_id,recorded_by_person_id,recorder_name,recorded_at,seq]
trip_series.csv 0 rows c65698fdb21aab12 [id,title,frequency,interval_weeks,weekdays,weekday_mask,anchor_date,ends_on,occurrence_count,last_rolled_at,created_at]
trip_series_skips.csv 0 rows 6c5ccca10cf16b57 [series_id,series_title,occurrence_date,created_at]
trip_schedule_days.csv 63 rows 597454cce9b779c0 [trip_id,trip_title,day_number,starts_at,ends_at]
trip_dives.csv 107 rows 6773b9d191e891ab [trip_id,trip_title,dive_number,title,dive_site_id,dive_site_name,description,travel_minutes]
trip_requirements.csv 95 rows 44d4f22b7a231037 [trip_id,trip_title,trip_starts_at,requires_waiver,minimum_certification_level,required_specialties,requires_nitrox,requires_payment,updated_at]
trip_assignments.csv 126 rows 92a559f257205f3f [trip_id,trip_title,trip_starts_at,person_id,person_name,roles,trip_role]
staff_shifts.csv 6 rows fed60bd33a76a4a1 [id,person_id,person_name,starts_at,ends_at,note,created_by_person_id,created_by_name,created_at]
crew_availability_blocks.csv 1 rows a2dd1b383de32d8a [id,person_id,person_name,starts_on,ends_on,note,created_by_person_id,created_by_name,created_at]
crew_assignment_requests.csv 0 rows 7492964e7efddd05 [id,trip_id,trip_title,person_id,person_name,requested_at,decision,decided_at,decided_by_person_id,decided_by_name,created_at]
staff_credentials.csv 0 rows 2f2cfa61754edfd3 [id,person_id,person_name,kind,name,issuing_body,identifier,issued_at,renews_at,status,review_note,reviewed_at,reviewed_by_person_id,deleted_at,deleted_by_person_id,created_at,updated_at]
bookings.csv 586 rows 405a27d7da7e4ce4 [id,trip_id,trip_title,trip_starts_at,person_id,person_name,status,participant_type,booked_as,wants_nitrox,conditions_briefed_at,dive_intent,re_entry_ask,last_dived_band,party_lead_booking_id,claimed_at,referral_source,referred_by_booking_id,welcome_shared_at,carried_facts_confirmed_at,course_next_step,course_next_step_at,course_next_step_by_person_id,hotel_pickup_location,pickup_time,payment_status,payment_amount_cents,payment_currency,payment_provider,created_at]
trip_help_requests.csv 0 rows 5034b32ce2d3bc39 [id,trip_id,trip_title,trip_starts_at,booking_id,person_id,person_name,kind,status,created_at,updated_at,acknowledged_at,handled_at,resolved_by_person_id,resolved_by_name]
waitlist_entries.csv 4 rows 7b2e9162bd7b8d6d [id,trip_id,trip_title,trip_starts_at,person_id,person_name,invited_at,created_at]
trip_invitations.csv 0 rows 3b092459b03fc96f [id,trip_id,trip_title,trip_starts_at,source,course_inquiry_id,person_id,person_name,created_by_person_id,created_by_name,invited_at,created_at]
last_minute_list.csv 11 rows ce3389e3aa5ebe88 [id,person_id,person_name,available_from,available_until,unsubscribed_at,created_at]
trip_last_minute_promos.csv 2 rows a385b69b05732543 [id,trip_id,trip_title,trip_starts_at,status,discount_percent,code,expires_at,recipient_count,created_by_person_id,created_by_name,created_at]
trip_last_minute_promo_recipients.csv 0 rows 592fb29207631752 [id,trip_promo_id,person_id,person_name,email,created_at]
booking_payment_events.csv 0 rows 4f61f04e7c7c8399 [id,booking_id,person_id,person_name,status,previous_status,amount_cents,currency,provider,provider_ref,operation,note,occurred_at]
booking_checkouts.csv 2 rows de2ed0ddca6d3405 [id,trip_id,trip_title,trip_starts_at,status,stripe_session_id,customer_email,promo_code_id,trip_promo_id,promo_code,applied_discount_percent,currency,amount_per_diver_cents,total_cents,pass_through_cents,tax_enabled,tax_cents,settled_total_cents,is_deposit,abandoned_recovery_sent_at,expires_at,completed_at,async_payment_failed_at,created_at]
booking_checkout_bookings.csv 2 rows 0ae73850b5835197 [checkout_id,booking_id,person_id,person_name,trip_cents,gear_cents,pass_through_cents,tax_cents]
executed_dives.csv 0 rows caef6fee0b4a6c58 [id,trip_id,trip_title,dive_number,actual_site_id,actual_site_name,entered_at,exited_at,max_depth_meters,observed_conditions,not_recorded,observed_species_slug,plan_change_reason,plan_change_note,recorded_by_person_id,deleted_at,created_at,updated_at]
trip_sightings.csv 7 rows 3d22996f630e54a9 [id,trip_id,trip_title,dive_site_id,dive_site_name,species_slug,count,recorded_by_person_id,recorded_at,deleted_at,updated_at]
booking_arrival_events.csv 0 rows 6514a9e712a53931 [id,trip_id,trip_title,trip_starts_at,booking_id,person_id,person_name,status,source,client_event_id,offline_snapshot_saved_at,recorded_by_person_id,recorded_by_name,occurred_at,created_at]
roll_call_events.csv 1036 rows 970a57268fff1de2 [id,trip_id,trip_title,trip_starts_at,booking_id,person_id,person_name,status,checkpoint,source,client_event_id,offline_snapshot_saved_at,recorded_by_person_id,recorded_by_name,note,occurred_at,created_at]
roll_call_crew_events.csv 0 rows f14bc5a656890c3c [id,trip_id,trip_title,trip_starts_at,person_id,person_name,status,checkpoint,source,client_event_id,recorded_by_person_id,recorded_by_name,note,occurred_at,created_at]
buddy_pairs.csv 5 rows f4fef0d7752606fd [pair_id,trip_id,trip_title,trip_starts_at,member_kind,booking_id,crew_person_id,person_id,person_name,paired_by_person_id,paired_by_name,created_at]
waiver_templates.csv 3 rows fcb72404bae61823 [id,title,version,material_generation,deleted_at,created_at,body]
waiver_materiality_decisions.csv 0 rows e2ef85b585d42d43 [id,template_id,template_title,material,actor_person_id,actor_name,decided_at,seq]
waiver_records.csv 563 rows 3fd96ca94ac2581b [id,person_id,person_name,booking_id,template_id,template_title,template_version,template_generation,status,signed_name,signature_method,recorded_by_person_id,recorded_by_name,started_at,consented_at,signed_at,completed_at,medical_review_required,medical_answers,medical_cleared_at,medical_cleared_by_person_id,medical_cleared_by_name,medical_clearance_declined_at,medical_clearance_declined_by_person_id,medical_clearance_declined_by_name,medical_clearance_evaluated_on,medical_clearance_physician_name,guardian_name,guardian_relationship,guardian_email,guardian_signature_method,guardian_consented_at,guardian_signed_at,integrity_hash,integrity_version,superseded_at,expires_at,imported_from_label,import_source_document_url,import_source_medical_document_url,anonymized_at,anonymized_by_person_id,moved_from_person_id,moved_at,moved_by_person_id,created_at]
rental_fit.csv 32 rows b4e67bd1438ce4f9 [person_id,person_name,rents_bcd,rents_regulator,rents_wetsuit,rents_mask_fins,rents_weights,rents_dive_computer,rents_gopro,rents_drysuit,rents_hood_gloves,rents_torch,rents_smb,bcd_size,wetsuit_size,drysuit_size,boot_size,fin_size,weight_preference,dives_dry,note,needs_staff_fit_at,needs_staff_fit_note,needs_staff_fit_by,needs_staff_fit_by_name,fit_confirmed_at,fit_confirmed_by,fit_confirmed_by_name,fit_confirmed_item,updated_at]
gear_items.csv 37 rows 7b492f853c73b6f0 [id,kind,label,size,serial_number,brand_model,purchased_on,status,service_note,deleted_at,created_at,updated_at]
gear_service_events.csv 29 rows 078924e9ef34da3b [id,gear_item_id,gear_item_label,kind,serviced_on,next_due_on,next_due_dives,note,recorded_by_person_id,recorded_by_name,created_at]
gear_reservations.csv 4 rows fdffac8b05a71003 [id,gear_item_id,gear_item_label,booking_id,person_id,person_name,reserved_from,reserved_until,checked_out_at,returned_at,return_outcome,return_note,created_at]
pre_departure_checklist_items.csv 5 rows 063121156dbf5537 [id,label,sort_order,deleted_at,created_at,updated_at]
pre_departure_check_events.csv 0 rows 4423f479b19d441f [id,trip_id,checklist_item_id,checklist_item_label,status,source,client_event_id,note,recorded_by_person_id,recorded_by_name,occurred_at,created_at]
prior_visits.csv 3 rows 2b5449b25f88920f [id,person_id,person_name,visited_on,title,status_label,amount_label,source_label,source_reference,imported_at]
imported_payment_history.csv 2 rows 0822811603094a89 [id,person_id,person_name,occurred_on,direction,title,status_label,amount_label,amount_cents,currency,payment_reference,receipt_reference,receipt_document_url,source_label,source_reference,stripe_reference,imported_at]
internal_notes.csv 3 rows bdd9eff6262c7b59 [id,person_id,person_name,booking_id,body,created_by_person_id,created_by_name,created_at]
activity_events.csv 50 rows 38301984c821fb54 [id,seq,trip_id,trip_title,booking_id,actor_person_id,actor_name,subject_person_id,subject_name,code,params,occurred_at]
notification_deliveries.csv 10 rows 810de9f3408a46f1 [id,booking_id,person_id,person_name,kind,status,provider_message_id,provider_status,provider_status_at,provider_detail,send_http_status,send_error_code,send_error,attempted_at,created_at]
orders.csv 337 rows a0af7f5a1d2e4812 [id,person_id,person_name,booking_id,created_by_person_id,created_by_name,status,currency,total_cents,pass_through_cents,tax_cents,amount_paid_cents,refunded_cents,description,stripe_invoice_id,hosted_invoice_url,invoice_pdf_url,finalized_at,paid_at,voided_at,refunded_at,created_at]
order_line_items.csv 341 rows 0cf661bae8625ca5 [order_id,kind,description,quantity,unit_amount_cents,created_at]
tips.csv 330 rows fd14908480543561 [id,booking_id,person_id,person_name,status,currency,amount_cents,stripe_session_id,expires_at,completed_at,created_at]
dive_sites.csv 8 rows 33070bd600bd25fb [id,name,location_name,description,difficulty_level,depth_range,max_depth_meters,expected_bottom_time_minutes,current_note,dive_plan,conservation_note,fit_tone,fit_note,field_guide_tips_heading,marine_life,marine_life_description,landmarks,minimum_certification_level,required_specialties,requires_nitrox,forecast_latitude,forecast_longitude,tide_station_id,tide_station_confirmed,tide_preference,satellite_image_url,route_image_url,route_points,route_label,route_note,route_zoom,image_urls,planning_note,planning_note_at,planning_note_by_person_id,deleted_at,created_at]
dive_site_creatures.csv 31 rows 7d73d7bd25bcede6 [id,dive_site_id,dive_site_name,position,name,kind,description,preparation_tip,image_url,catalog_slug]
dive_site_moments.csv 3 rows aad2cb12e442cb58 [id,dive_site_id,dive_site_name,caption,is_published,image_url,created_at]
recap_photos.csv 2 rows b9b4c0190e7eba90 [id,booking_id,trip_id,image_url,caption,created_at]
trip_recap_photos.csv 0 rows 39e82d2fcab675ab [id,trip_id,trip_title,image_url,uploaded_by_person_id,uploaded_by_person_name,created_at]
trip_reviews.csv 84 rows b67cddb37d42f3f3 [id,booking_id,trip_id,person_id,diver_name,rating,comment,is_standout,is_published,published_at,created_at,updated_at]
recap_pulses.csv 0 rows 0fc571ac232bdb30 [id,booking_id,trip_id,person_id,diver_name,categories,note,addressed_at,addressed_by_person_id,deleted_at,created_at,updated_at]
review_moderation_events.csv 0 rows 93aa3f5176d60cb0 [id,review_id,action,reason,reason_note,recorded_by_person_id,recorded_by_name,occurred_at]
dive_packages.csv 0 rows 5512ff1f87492e88 [id,name,dive_count,price_cents,scope,valid_until,deleted_at,created_by_person_id,created_at]
dive_package_entitlements.csv 0 rows 0068acb6c20f794e [id,package_id,person_id,order_id,booking_id,consumed_at,expires_at,created_at]
shop_promo_codes.csv 2 rows 5e4de84eb3819a48 [id,code,description,discount_percent,scope,status,starts_at,expires_at,max_redemptions,created_by_person_id,created_at]
shop_promo_redemptions.csv 1 rows 3524bb76f4777903 [id,promo_code_id,code,checkout_id,amount_charged_cents,redeemed_at]
courses.csv 55 rows ccee3d50cdbfbde3 [id,title,agency,slug,description,source_template_slug,source_template_version,source_template_snapshot,summary,overview,price_cents,e_learning_price_cents,private_price_cents,minimum_certification_level,minimum_age,duration_text,group_size_text,prerequisite_note,includes,excludes,schedule_days,faqs,hero_image_url,hero_image_alt,gallery_photos,is_active,is_intro_course,nitrox_compatible,created_at]
course_inquiries.csv 7 rows c9d1bb1f9397502b [id,course_id,course_title,interest,person_id,person_name,name,email,phone,experience_level,timing,preferred_date,alternate_date,date_flexible,divers,message,created_at]
photos: 14 4d6037aa63625fab
